[2025-11-30 21:23:58] [ERROR] fsm_state
  {
  "message": "Swarm invocation failed: [Errno 22] Invalid argument",
  "context": {}
}
--------------------------------------------------------------------------------
[2025-11-30 21:23:58] [ERROR] fsm_state
  {
  "message": "Swarm invocation failed: [Errno 22] Invalid argument",
  "context": {}
}
--------------------------------------------------------------------------------
[2025-11-30 21:23:58] [ERROR] fsm_state
  {
  "message": "Swarm invocation failed: [Errno 22] Invalid argument",
  "context": {}
}
--------------------------------------------------------------------------------
[2025-11-30 21:23:58] [ERROR] fsm_state
  {
  "message": "Swarm invocation failed: [Errno 22] Invalid argument",
  "context": {}
}
--------------------------------------------------------------------------------
[2025-11-30 21:23:58] [ERROR] fsm_state
  {
  "message": "Swarm invocation failed: [Errno 22] Invalid argument",
  "context": {}
}
--------------------------------------------------------------------------------
[2025-11-30 21:23:58] [ERROR] fsm_state
  {
  "message": "Swarm invocation failed: [Errno 22] Invalid argument",
  "context": {}
}
--------------------------------------------------------------------------------
[2025-11-30 21:23:58] [ERROR] fsm_state
  {
  "message": "Swarm invocation failed: [Errno 22] Invalid argument",
  "context": {}
}
--------------------------------------------------------------------------------
[2025-11-30 21:23:58] [ERROR] fsm_state
  {
  "message": "Swarm invocation failed: [Errno 22] Invalid argument",
  "context": {}
}
--------------------------------------------------------------------------------
[2025-11-30 21:23:58] [ERROR] fsm_state
  {
  "message": "Swarm invocation failed: [Errno 22] Invalid argument",
  "context": {}
}
--------------------------------------------------------------------------------
[2025-11-30 21:23:58] [ERROR] fsm_state
  {
  "message": "Swarm invocation failed: [Errno 22] Invalid argument",
  "context": {}
}
--------------------------------------------------------------------------------
[2025-11-30 21:23:58] [ERROR] fsm_state
  {
  "message": "Swarm invocation failed: [Errno 22] Invalid argument",
  "context": {}
}
--------------------------------------------------------------------------------
[2025-11-30 21:23:59] [ERROR] fsm_state
  {
  "message": "Swarm invocation failed: [Errno 22] Invalid argument",
  "context": {}
}
--------------------------------------------------------------------------------
